absolutedown.ini                                                5c6f0df8000000000037
aossdk.dll                                                      55d926d6000000319288
aossdkrad.dll                                                   6bc9107b000000294712
asplnchr.exe                                                    b56fc1fb000000307016
astxmanager.dll                                                 b735ce9a000000039784
default.lic                                                     025fbcb9000000001129
image/btn_cancel_d.bmp                                          6140579b000000004556
image/btn_cancel_f.bmp                                          0ecc3faf000000004556
image/btn_cancel_u.bmp                                          93ad3c3b000000004556
image/btn_cancel_x.bmp                                          5713995a000000004556
image/btn_check_f.bmp                                           f86d7fb4000000000576
image/btn_check_u.bmp                                           838014f6000000000576
image/btn_close_d.bmp                                           35a89bba000000004556
image/btn_close_f.bmp                                           1c13980f000000004556
image/btn_close_u.bmp                                           95375db4000000004556
image/btn_close_x.bmp                                           9789aa5c000000004556
image/btn_config_d.bmp                                          6621c9da000000004556
image/btn_config_f.bmp                                          96e5f3d0000000004556
image/btn_config_u.bmp                                          c097e2d9000000004556
image/btn_config_x.bmp                                          83bec42c000000004556
image/btn_idpw_d.bmp                                            d69e10da000000005456
image/btn_idpw_f.bmp                                            49eb5a2f000000005456
image/btn_idpw_u.bmp                                            4d7cf953000000005456
image/btn_idpw_x.bmp                                            f947870f000000005456
image/btn_join_d.bmp                                            0abe7eef000000005456
image/btn_join_f.bmp                                            08de4984000000005456
image/btn_join_u.bmp                                            76e71477000000005456
image/btn_join_x.bmp                                            464d57e6000000005456
image/btn_login_d.bmp                                           b8c60c26000000005756
image/btn_login_f.bmp                                           7c2585b7000000005756
image/btn_login_u.bmp                                           781c4cb8000000005756
image/btn_login_x.bmp                                           833abd9e000000005756
image/btn_ok_d.bmp                                              2e82502f000000004556
image/btn_ok_f.bmp                                              978528fc000000004556
image/btn_ok_u.bmp                                              85cf8b04000000004556
image/btn_ok_x.bmp                                              1c015ddd000000004556
image/btn_sign_d.bmp                                            0a2054dd000000005456
image/btn_sign_f.bmp                                            deb4151c000000005456
image/btn_sign_u.bmp                                            7d18d725000000005456
image/btn_sign_x.bmp                                            1a0e1e88000000005456
image/btn_verclose_d.bmp                                        64bf7a17000000004556
image/btn_verclose_f.bmp                                        8e549db9000000004556
image/btn_verclose_u.bmp                                        20c4fc28000000004556
image/btn_verclose_x.bmp                                        4e2b11dd000000004556
image/c_btn_ok_d.bmp                                            2e82502f000000004556
image/c_btn_ok_f.bmp                                            978528fc000000004556
image/c_btn_ok_u.bmp                                            85cf8b04000000004556
image/c_btn_ok_x.bmp                                            1c015ddd000000004556
image/cert_btn_ok_d.bmp                                         48c1b0ba000000006776
image/cert_btn_ok_f.bmp                                         48c1b0ba000000006776
image/cert_btn_ok_u.bmp                                         48c1b0ba000000006776
image/cert_btn_ok_x.bmp                                         48c1b0ba000000006776
image/config_api_bg.bmp                                         5f7e6a60000000259896
image/config_apism_bg.bmp                                       63f32715000000259896
image/login_api_bg.bmp                                          bc99ac50000000259896
image/login_apism_bg.bmp                                        0b1baeea000000259896
image/staff_config_api_bg.bmp                                   b77021ed000000460856
image/staff_config_apism_bg.bmp                                 3a651efa000000460856
image/version_api_bg.bmp                                        52d9b6d7000000259896
image/version_apism_bg.bmp                                      7fda2430000000259896
inicore_v2.3.32.dll                                             43c8af5e000000446464
inicore_v2.3.42.dll                                             1988259b000000446464
inicrypto20.dll                                                 b118a3f3000000708096
inicrypto_v5.1.9.dll                                            194bf805000000553088
inicrypto_v5.1.dll                                              911360bd000000520320
inipki_v5.1.33.dll                                              8bdea338000000512000
inipki_v5.1.40.dll                                              46576dd8000000524288
inisafenet_v7.2.dll                                             304d63cb000000180438
inisafetoolset.lic                                              d2c94a04000000000899
inisafetoolset_v1.2.2.dll                                       7cde90ef000000090223
kdfapi2.dll                                                     d8a1809b000004258216
kdfinj.dll                                                      203ad49c000004064680
khcrypt.dll                                                     a33b96b5000000023928
khcryptcore.dll                                                 1b65f303000000076344
khcryptex.dll                                                   1a4ca747000000019832
khopenapi.ocx                                                   bfdbbab8000000437192
klib.dll                                                        c77acf06000000569491
librsadlx.dll                                                   444fa9c3000000393216
npe55kb.npn                                                     d5e359d2000000000132
npenkapp5policy_kiwoomcs.xml                                    fea2a556000000001038
npenkappinstall5.dll                                            b04c45c5000000888880
npenkappinstall5message.xml                                     f4b1b694000000003260
npnv_kiwoom.conf                                                31eb5424000000000378
nsldap32v11.dll                                                 23a9924b000000074240
opcommapi.dll                                                   c8d40c27000000646088
opcomms.dll                                                     46939591000000190792
opstarter.exe                                                   932b73a3000000620488
opversionup.exe                                                 7ff0c156000000047560
signksc.dll                                                     eae8632f000000098304
skcomdcm.dll                                                    8221bfcc000000712704
skcomdem.dll                                                    672cdfb8000000065536
skcomdif.dll                                                    ab587547000000876544
skcomdsc.dll                                                    d090e86c000000077824
skcommad.dll                                                    59933881000000114688
skcommcm.dll                                                    ee97e171000000712704
skcommem.dll                                                    cd3097af000000065536
skcommic.dll                                                    d9cd9637000000118272
skcommif.dll                                                    ac747273000000880640
skcommjv.dll                                                    aefa43b6000000086016
skcommsc.dll                                                    586334bf000000077824
skcommtm.exe                                                    19f37dd7000000063432
skcommwb.exe                                                    33e56107000000032768
skmagerapi.dll                                                  a981f7f9000000061440
sksessiondll.dll                                                d381bc50000000028672
sksmartcard32.dll                                               1f614f89000000069632
skusbkey.dll                                                    a8b1d2b3000000065536
stsdkex.dll                                                     3aa976e0000000495448
system/font.ini                                                 ae278d99000000000373
system/html.ini                                                 f174dc83000000050339
system/ip_api.dat                                               77004b2c000000000333
system/jongacc.dat                                              de02ecab000000001388
system/koarealtime.dat                                          ba2423b9000000009996
system/realtime.dat                                             4e313a00000000009967
system/s4bboxdesc.dat                                           ffe3d2bc000000552965
system/s4treelist.dat                                           1e38117d000000048026
system/security_apply.ini                                       e047e285000000000076
unzdll.dll                                                      e15eebfc000000094208
zipdll.dll                                                      91310e76000000099840
apiotrsc.lst                                                    63b74155000000019380
