hjcode.dat                                                      620e40f8000002446176
fjcode.dat                                                      3719cce9000000006048
opcode.dat                                                      576b469e000000094038
upcode.dat                                                      e966f45b000000002794
cjcode.dat                                                      c9a4f796000001729328
pjcode.dat                                                      aae18ec7000001180736
gpcode_n.dat                                                    6237c105000000001023
trcode.dat                                                      eae618e2000000001680
sihwang.dat                                                     c5295251000000021567
nkrealtime.dat                                                  eb7a9c95000000022982
frcode.dat                                                      2aecc325000000166328
thcode.dat                                                      9485d169000000345486
ewcode.dat                                                      6febe4d9000000003975
sfcode.dat                                                      cf5f8088000000518752
hkcode.dat                                                      24a52f96000000511736
hicode.dat                                                      809342cf000000004556
jpcode.dat                                                      102379b5000000791400
jicode.dat                                                      dbd70ef7000000014105
elcode.dat                                                      59cc61bc000000511360
cfcode.dat                                                      7e12103e000000026680
cocode.dat                                                      cf79bbc6000000012528
opcode_sf2.dat                                                  adf298d7000000187380
infotm.dat                                                      542271db000000539660
hjcode_m.dat                                                    01465b39000001156480
elcode_m.dat                                                    139add48000000239700
hjcodej_m.dat                                                   fd0820dc000000484950
hjcodea_m.dat                                                   283ca526000000796028
hjcodee_m.dat                                                   8d391de5000000463420
efcode.dat                                                      a873ad53000000081356
mopcode.dat                                                     7c75b7de000000058074
mopcode_sf2.dat                                                 673bbfda000000115668
cacode.dat                                                      f072568b000000259420
cucode.dat                                                      d0dde7a0000000008576
gpcode_s.dat                                                    a026f82a000000000891
cocode_sf.dat                                                   d882216b000000012576
fmcode_x.dat                                                    03b5bc5b000005860116
kopcode.dat                                                     55891a0a000000033482
kopcode_sf2.dat                                                 2cf89de0000000066532
cmcode_w.dat                                                    d6cc3668000000000132
excode.dat                                                      7d206309000000000924
eucode_w.dat                                                    6edabda4000000094885
fucode.dat                                                      b1b1e13c000000278814
nfwrealtime.dat                                                 f6fdc5f0000000012633
uscode_w.dat                                                    379fa8d7000003178140
uicode.dat                                                      d3013891000000008897
umcode.dat                                                      b6960124000000059400
uucode.dat                                                      1c008e48000000002646
etfcategory.dat                                                 df555d2e000000015759
uetfcatelst.dat                                                 a433d581000000317020
wkopcode.dat                                                    a50289a2000000002544
wkopcode_sf2.dat                                                da0be945000000004984
cacode_g.dat                                                    ee7a97c2000000422362
cucode_g.dat                                                    1cf0ab2f000000008576
hkcode_g.dat                                                    dfeb2902000000765576
hicode_g.dat                                                    5be56b55000000004422
